--------------------------------------------------------------------------------
Release 14.7 Trace  (nt)
Copyright (c) 1995-2013 Xilinx, Inc.  All rights reserved.

C:\Xilinx\14.7\ISE_DS\ISE\bin\nt\unwrapped\trce.exe -intstyle ise -v 3 -s 3 -n
3 -fastpaths -xml main.twx main.ncd -o main.twr main.pcf -ucf atlys.ucf

Design file:              main.ncd
Physical constraint file: main.pcf
Device,package,speed:     xc6slx45,csg324,C,-3 (PRODUCTION 1.23 2013-10-13)
Report level:             verbose report

Environment Variable      Effect 
--------------------      ------ 
NONE                      No environment variables were set
--------------------------------------------------------------------------------

INFO:Timing:3412 - To improve timing, see the Timing Closure User Guide (UG612).
INFO:Timing:2752 - To get complete path coverage, use the unconstrained paths 
   option. All paths that are not constrained will be reported in the 
   unconstrained paths section(s) of the report.
INFO:Timing:3339 - The clock-to-out numbers in this timing report are based on 
   a 50 Ohm transmission line loading model.  For the details of this model, 
   and for more information on accounting for different loading conditions, 
   please see the device datasheet.

================================================================================
Timing constraint: NET "receiver/data<0>" MAXDELAY = 5 ns;

 1 net analyzed, 0 failing nets detected.
 0 timing errors detected.
 Maximum net delay is   2.410ns.
--------------------------------------------------------------------------------
Slack:                  2.590ns receiver/data<0>
Report:    2.410ns delay meets   5.000ns timing constraint by 2.590ns
From                              To                                Delay(ns)
SLICE_X47Y61.AQ                   OLOGIC_X27Y38.D1                      2.410  
SLICE_X47Y61.AQ                   SLICE_X47Y61.A6                       0.127  

--------------------------------------------------------------------------------

================================================================================
Timing constraint: NET "receiver/data<1>" MAXDELAY = 5 ns;

 1 net analyzed, 0 failing nets detected.
 0 timing errors detected.
 Maximum net delay is   2.412ns.
--------------------------------------------------------------------------------
Slack:                  2.588ns receiver/data<1>
Report:    2.412ns delay meets   5.000ns timing constraint by 2.588ns
From                              To                                Delay(ns)
SLICE_X47Y61.BQ                   OLOGIC_X27Y37.D1                      2.412  
SLICE_X47Y61.BQ                   SLICE_X47Y61.B5                       0.202  

--------------------------------------------------------------------------------

================================================================================
Timing constraint: NET "receiver/data<2>" MAXDELAY = 5 ns;

 1 net analyzed, 0 failing nets detected.
 0 timing errors detected.
 Maximum net delay is   2.617ns.
--------------------------------------------------------------------------------
Slack:                  2.383ns receiver/data<2>
Report:    2.617ns delay meets   5.000ns timing constraint by 2.383ns
From                              To                                Delay(ns)
SLICE_X47Y61.CQ                   OLOGIC_X27Y36.D1                      2.617  
SLICE_X47Y61.CQ                   SLICE_X47Y61.C5                       0.173  

--------------------------------------------------------------------------------

================================================================================
Timing constraint: NET "receiver/data<3>" MAXDELAY = 5 ns;

 1 net analyzed, 0 failing nets detected.
 0 timing errors detected.
 Maximum net delay is   2.861ns.
--------------------------------------------------------------------------------
Slack:                  2.139ns receiver/data<3>
Report:    2.861ns delay meets   5.000ns timing constraint by 2.139ns
From                              To                                Delay(ns)
SLICE_X47Y61.DQ                   OLOGIC_X27Y29.D1                      2.861  
SLICE_X47Y61.DQ                   SLICE_X47Y61.D6                       0.127  

--------------------------------------------------------------------------------

================================================================================
Timing constraint: NET "receiver/data<4>" MAXDELAY = 5 ns;

 1 net analyzed, 0 failing nets detected.
 0 timing errors detected.
 Maximum net delay is   3.231ns.
--------------------------------------------------------------------------------
Slack:                  1.769ns receiver/data<4>
Report:    3.231ns delay meets   5.000ns timing constraint by 1.769ns
From                              To                                Delay(ns)
SLICE_X40Y61.AQ                   OLOGIC_X27Y28.D1                      3.231  
SLICE_X40Y61.AQ                   SLICE_X40Y61.A6                       0.129  

--------------------------------------------------------------------------------

================================================================================
Timing constraint: NET "receiver/data<5>" MAXDELAY = 5 ns;

 1 net analyzed, 0 failing nets detected.
 0 timing errors detected.
 Maximum net delay is   4.443ns.
--------------------------------------------------------------------------------
Slack:                  0.557ns receiver/data<5>
Report:    4.443ns delay meets   5.000ns timing constraint by 0.557ns
From                              To                                Delay(ns)
SLICE_X17Y73.BQ                   OLOGIC_X1Y119.D1                      4.443  
SLICE_X17Y73.BQ                   SLICE_X17Y73.B5                       0.200  

--------------------------------------------------------------------------------

================================================================================
Timing constraint: NET "receiver/data<6>" MAXDELAY = 5 ns;

 1 net analyzed, 0 failing nets detected.
 0 timing errors detected.
 Maximum net delay is   3.987ns.
--------------------------------------------------------------------------------
Slack:                  1.013ns receiver/data<6>
Report:    3.987ns delay meets   5.000ns timing constraint by 1.013ns
From                              To                                Delay(ns)
SLICE_X40Y49.CQ                   OLOGIC_X27Y4.D1                       3.987  
SLICE_X40Y49.CQ                   SLICE_X40Y49.C5                       0.199  

--------------------------------------------------------------------------------

================================================================================
Timing constraint: NET "receiver/data<7>" MAXDELAY = 5 ns;

 1 net analyzed, 0 failing nets detected.
 0 timing errors detected.
 Maximum net delay is   3.495ns.
--------------------------------------------------------------------------------
Slack:                  1.505ns receiver/data<7>
Report:    3.495ns delay meets   5.000ns timing constraint by 1.505ns
From                              To                                Delay(ns)
SLICE_X40Y51.DQ                   OLOGIC_X20Y1.D1                       3.495  
SLICE_X40Y51.DQ                   SLICE_X40Y51.D6                       0.129  

--------------------------------------------------------------------------------


All constraints were met.


Data Sheet report:
-----------------
No constraints were found to generate data for the Data Sheet Report section.
Use the Advanced Analysis (-a) option or generate global constraints for each
clock, its pad to setup and clock to pad paths, and a pad to pad constraint.

Timing summary:
---------------

Timing errors: 0  Score: 0  (Setup/Max: 0, Hold: 0)

Constraints cover 0 paths, 8 nets, and 16 connections

Design statistics:
   Maximum net delay:   4.443ns


Analysis completed Thu Jan 24 15:56:23 2019 
--------------------------------------------------------------------------------

Trace Settings:
-------------------------
Trace Settings 

Peak Memory Usage: 186 MB



