--------------------------------------------------------------------------------
Release 14.7 Trace  (nt)
Copyright (c) 1995-2013 Xilinx, Inc.  All rights reserved.

C:\Xilinx\14.7\ISE_DS\ISE\bin\nt\unwrapped\trce.exe -intstyle ise -v 3 -s 3 -n
3 -fastpaths -xml main.twx main.ncd -o main.twr main.pcf -ucf atlys.ucf

Design file:              main.ncd
Physical constraint file: main.pcf
Device,package,speed:     xc6slx45,csg324,C,-3 (PRODUCTION 1.23 2013-10-13)
Report level:             verbose report

Environment Variable      Effect 
--------------------      ------ 
NONE                      No environment variables were set
--------------------------------------------------------------------------------

INFO:Timing:2698 - No timing constraints found, doing default enumeration.
INFO:Timing:3412 - To improve timing, see the Timing Closure User Guide (UG612).
INFO:Timing:2752 - To get complete path coverage, use the unconstrained paths 
   option. All paths that are not constrained will be reported in the 
   unconstrained paths section(s) of the report.
INFO:Timing:3339 - The clock-to-out numbers in this timing report are based on 
   a 50 Ohm transmission line loading model.  For the details of this model, 
   and for more information on accounting for different loading conditions, 
   please see the device datasheet.



Data Sheet report:
-----------------
All values displayed in nanoseconds (ns)

Setup/Hold to clock clk
--------------+------------+------------+------------+------------+------------------+--------+
              |Max Setup to|  Process   |Max Hold to |  Process   |                  | Clock  |
Source        | clk (edge) |   Corner   | clk (edge) |   Corner   |Internal Clock(s) | Phase  |
--------------+------------+------------+------------+------------+------------------+--------+
bouncy_btns<0>|    4.909(R)|      SLOW  |   -3.185(R)|      FAST  |clk_BUFGP         |   0.000|
bouncy_btns<1>|    1.171(R)|      FAST  |   -0.498(R)|      SLOW  |clk_BUFGP         |   0.000|
bouncy_btns<2>|    3.394(R)|      SLOW  |   -2.175(R)|      FAST  |clk_BUFGP         |   0.000|
bouncy_btns<3>|    1.977(R)|      SLOW  |   -1.283(R)|      SLOW  |clk_BUFGP         |   0.000|
switch<0>     |    3.512(F)|      SLOW  |   -2.094(F)|      FAST  |clk_BUFGP         |   0.000|
switch<1>     |    4.632(F)|      SLOW  |   -2.877(F)|      FAST  |clk_BUFGP         |   0.000|
switch<2>     |    4.435(F)|      SLOW  |   -2.748(F)|      FAST  |clk_BUFGP         |   0.000|
switch<3>     |    4.450(F)|      SLOW  |   -2.731(F)|      FAST  |clk_BUFGP         |   0.000|
switch<4>     |    3.990(F)|      SLOW  |   -2.468(F)|      FAST  |clk_BUFGP         |   0.000|
switch<5>     |    4.868(F)|      SLOW  |   -3.016(F)|      FAST  |clk_BUFGP         |   0.000|
switch<6>     |    4.520(F)|      SLOW  |   -2.729(F)|      FAST  |clk_BUFGP         |   0.000|
switch<7>     |    3.037(F)|      SLOW  |   -1.951(F)|      FAST  |clk_BUFGP         |   0.000|
uart_i        |    5.361(F)|      SLOW  |   -3.004(F)|      FAST  |clk_BUFGP         |   0.000|
--------------+------------+------------+------------+------------+------------------+--------+

Clock clk to Pad
--------------------+-----------------+------------+-----------------+------------+------------------+--------+
                    |Max (slowest) clk|  Process   |Min (fastest) clk|  Process   |                  | Clock  |
Destination         |  (edge) to PAD  |   Corner   |  (edge) to PAD  |   Corner   |Internal Clock(s) | Phase  |
--------------------+-----------------+------------+-----------------+------------+------------------+--------+
afe_switch          |         9.988(F)|      SLOW  |         5.775(F)|      FAST  |clk_BUFGP         |   0.000|
led<0>              |         9.027(F)|      SLOW  |         5.136(F)|      FAST  |clk_BUFGP         |   0.000|
led<1>              |         8.978(F)|      SLOW  |         5.146(F)|      FAST  |clk_BUFGP         |   0.000|
led<2>              |         8.736(F)|      SLOW  |         4.978(F)|      FAST  |clk_BUFGP         |   0.000|
led<3>              |         9.115(F)|      SLOW  |         5.212(F)|      FAST  |clk_BUFGP         |   0.000|
led<4>              |         8.973(F)|      SLOW  |         5.128(F)|      FAST  |clk_BUFGP         |   0.000|
led<5>              |        15.003(F)|      SLOW  |         8.838(F)|      FAST  |clk_BUFGP         |   0.000|
led<6>              |        10.484(F)|      SLOW  |         6.022(F)|      FAST  |clk_BUFGP         |   0.000|
led<7>              |         9.805(F)|      SLOW  |         5.591(F)|      FAST  |clk_BUFGP         |   0.000|
uart_o              |        12.711(F)|      SLOW  |         7.441(F)|      FAST  |clk_BUFGP         |   0.000|
ultrasound_pulses<0>|         8.867(F)|      SLOW  |         5.013(F)|      FAST  |clk_BUFGP         |   0.000|
ultrasound_pulses<1>|         8.856(F)|      SLOW  |         5.013(F)|      FAST  |clk_BUFGP         |   0.000|
ultrasound_pulses<2>|         9.096(F)|      SLOW  |         5.232(F)|      FAST  |clk_BUFGP         |   0.000|
ultrasound_pulses<3>|         9.063(F)|      SLOW  |         5.207(F)|      FAST  |clk_BUFGP         |   0.000|
ultrasound_pulses<4>|         8.829(F)|      SLOW  |         4.998(F)|      FAST  |clk_BUFGP         |   0.000|
ultrasound_pulses<5>|         8.597(F)|      SLOW  |         4.848(F)|      FAST  |clk_BUFGP         |   0.000|
ultrasound_pulses<6>|         9.313(F)|      SLOW  |         5.320(F)|      FAST  |clk_BUFGP         |   0.000|
ultrasound_pulses<7>|         9.015(F)|      SLOW  |         5.157(F)|      FAST  |clk_BUFGP         |   0.000|
--------------------+-----------------+------------+-----------------+------------+------------------+--------+

Clock to Setup on destination clock clk
---------------+---------+---------+---------+---------+
               | Src:Rise| Src:Fall| Src:Rise| Src:Fall|
Source Clock   |Dest:Rise|Dest:Rise|Dest:Fall|Dest:Fall|
---------------+---------+---------+---------+---------+
clk            |    5.297|    3.046|    3.807|    5.016|
---------------+---------+---------+---------+---------+


Analysis completed Mon Mar 04 16:43:58 2019 
--------------------------------------------------------------------------------

Trace Settings:
-------------------------
Trace Settings 

Peak Memory Usage: 197 MB



